Starting Access Code Type Predictor training...
Loading dataset...

Class Counts: {0: 62035, 1: 32638, 2: 20439, 3: 3214}
Smoothed Weights:
  TOKEN: 1.00
  MULTILINE: 1.38
  PHRASE: 1.74
  SENTENCE: 4.39

Initializing tokenizer and model...

Starting training...
{'loss': 1.0186, 'grad_norm': 3.0500001907348633, 'learning_rate': 2.940504807692308e-05, 'epoch': 0.06}
{'loss': 0.7659, 'grad_norm': 4.599215984344482, 'learning_rate': 2.880408653846154e-05, 'epoch': 0.12}
{'loss': 0.6802, 'grad_norm': 5.11478328704834, 'learning_rate': 2.8203125e-05, 'epoch': 0.18}
{'loss': 0.6213, 'grad_norm': 2.4915432929992676, 'learning_rate': 2.7602163461538465e-05, 'epoch': 0.24}
{'loss': 0.5662, 'grad_norm': 3.9323647022247314, 'learning_rate': 2.7001201923076924e-05, 'epoch': 0.3}
{'loss': 0.51, 'grad_norm': 4.161848068237305, 'learning_rate': 2.6400240384615386e-05, 'epoch': 0.36}
{'loss': 0.5332, 'grad_norm': 5.366601467132568, 'learning_rate': 2.5799278846153848e-05, 'epoch': 0.42}
{'loss': 0.4803, 'grad_norm': 3.626086950302124, 'learning_rate': 2.5198317307692306e-05, 'epoch': 0.48}
{'loss': 0.4617, 'grad_norm': 4.046889305114746, 'learning_rate': 2.459735576923077e-05, 'epoch': 0.54}
{'loss': 0.4598, 'grad_norm': 4.509655952453613, 'learning_rate': 2.399639423076923e-05, 'epoch': 0.6}
{'loss': 0.439, 'grad_norm': 3.8215372562408447, 'learning_rate': 2.3395432692307692e-05, 'epoch': 0.66}
{'loss': 0.4308, 'grad_norm': 6.222029209136963, 'learning_rate': 2.2794471153846154e-05, 'epoch': 0.72}
{'loss': 0.4582, 'grad_norm': 2.5131709575653076, 'learning_rate': 2.2193509615384617e-05, 'epoch': 0.78}
{'loss': 0.3998, 'grad_norm': 4.586647033691406, 'learning_rate': 2.1592548076923075e-05, 'epoch': 0.84}
{'loss': 0.4191, 'grad_norm': 5.208959102630615, 'learning_rate': 2.099158653846154e-05, 'epoch': 0.9}
{'loss': 0.3996, 'grad_norm': 7.009964942932129, 'learning_rate': 2.0390625e-05, 'epoch': 0.96}
{'eval_loss': 0.3701862692832947, 'eval_macro_f1': 0.7985215947071513, 'eval_TOKEN_precision': 0.9357768407395394, 'eval_TOKEN_recall': 0.9300451321727917, 'eval_TOKEN_f1': 0.9329021827000809, 'eval_MULTILINE_precision': 0.9386960752513785, 'eval_MULTILINE_recall': 0.8866421568627451, 'eval_MULTILINE_f1': 0.9119268945958721, 'eval_PHRASE_precision': 0.7963600590260699, 'eval_PHRASE_recall': 0.7920743639921722, 'eval_PHRASE_f1': 0.7942114299730194, 'eval_SENTENCE_precision': 0.43920145190562615, 'eval_SENTENCE_recall': 0.7538940809968847, 'eval_SENTENCE_f1': 0.555045871559633, 'eval_runtime': 8.7542, 'eval_samples_per_second': 1351.701, 'eval_steps_per_second': 10.624, 'epoch': 1.0}
{'loss': 0.3837, 'grad_norm': 4.92066764831543, 'learning_rate': 1.978966346153846e-05, 'epoch': 1.02}
{'loss': 0.3666, 'grad_norm': 8.374929428100586, 'learning_rate': 1.9188701923076923e-05, 'epoch': 1.08}
{'loss': 0.3546, 'grad_norm': 3.7272472381591797, 'learning_rate': 1.8587740384615385e-05, 'epoch': 1.14}
{'loss': 0.369, 'grad_norm': 4.974067211151123, 'learning_rate': 1.7986778846153844e-05, 'epoch': 1.2}
{'loss': 0.3688, 'grad_norm': 3.0485072135925293, 'learning_rate': 1.738581730769231e-05, 'epoch': 1.26}
{'loss': 0.3569, 'grad_norm': 3.4453494548797607, 'learning_rate': 1.6784855769230768e-05, 'epoch': 1.32}
{'loss': 0.3347, 'grad_norm': 4.853334903717041, 'learning_rate': 1.6183894230769234e-05, 'epoch': 1.38}
{'loss': 0.3584, 'grad_norm': 4.1250834465026855, 'learning_rate': 1.5582932692307692e-05, 'epoch': 1.44}
{'loss': 0.3456, 'grad_norm': 3.719938039779663, 'learning_rate': 1.4981971153846153e-05, 'epoch': 1.5}
{'loss': 0.3437, 'grad_norm': 3.3367834091186523, 'learning_rate': 1.4381009615384615e-05, 'epoch': 1.56}
{'loss': 0.345, 'grad_norm': 3.3690950870513916, 'learning_rate': 1.3780048076923077e-05, 'epoch': 1.62}
{'loss': 0.3573, 'grad_norm': 3.1477041244506836, 'learning_rate': 1.3179086538461539e-05, 'epoch': 1.68}
{'loss': 0.3564, 'grad_norm': 2.903628349304199, 'learning_rate': 1.2578124999999999e-05, 'epoch': 1.74}
{'loss': 0.3363, 'grad_norm': 2.935422420501709, 'learning_rate': 1.1977163461538461e-05, 'epoch': 1.8}
{'loss': 0.3283, 'grad_norm': 1.4120112657546997, 'learning_rate': 1.1376201923076923e-05, 'epoch': 1.86}
{'loss': 0.3429, 'grad_norm': 4.12053918838501, 'learning_rate': 1.0775240384615384e-05, 'epoch': 1.92}
{'loss': 0.3402, 'grad_norm': 4.329021453857422, 'learning_rate': 1.0174278846153846e-05, 'epoch': 1.98}
{'eval_loss': 0.33165743947029114, 'eval_macro_f1': 0.8070642057509845, 'eval_TOKEN_precision': 0.9532428355957768, 'eval_TOKEN_recall': 0.9168278529980658, 'eval_TOKEN_f1': 0.9346807986196697, 'eval_MULTILINE_precision': 0.9075477417399211, 'eval_MULTILINE_recall': 0.9172794117647058, 'eval_MULTILINE_f1': 0.912387627609325, 'eval_PHRASE_precision': 0.8114874815905744, 'eval_PHRASE_recall': 0.8087084148727984, 'eval_PHRASE_f1': 0.810095564812546, 'eval_SENTENCE_precision': 0.45849056603773586, 'eval_SENTENCE_recall': 0.7570093457943925, 'eval_SENTENCE_f1': 0.5710928319623971, 'eval_runtime': 8.6828, 'eval_samples_per_second': 1362.806, 'eval_steps_per_second': 10.711, 'epoch': 2.0}
{'loss': 0.315, 'grad_norm': 1.486829161643982, 'learning_rate': 9.573317307692308e-06, 'epoch': 2.04}
{'loss': 0.3128, 'grad_norm': 3.047513723373413, 'learning_rate': 8.97235576923077e-06, 'epoch': 2.1}
{'loss': 0.3112, 'grad_norm': 5.3383917808532715, 'learning_rate': 8.37139423076923e-06, 'epoch': 2.16}
{'loss': 0.3217, 'grad_norm': 2.9034264087677, 'learning_rate': 7.770432692307692e-06, 'epoch': 2.22}
{'loss': 0.2967, 'grad_norm': 2.9651901721954346, 'learning_rate': 7.169471153846154e-06, 'epoch': 2.28}
{'loss': 0.3014, 'grad_norm': 3.958613395690918, 'learning_rate': 6.568509615384615e-06, 'epoch': 2.34}
{'loss': 0.2852, 'grad_norm': 3.0205352306365967, 'learning_rate': 5.9675480769230765e-06, 'epoch': 2.4}
{'loss': 0.3055, 'grad_norm': 4.7250213623046875, 'learning_rate': 5.366586538461539e-06, 'epoch': 2.46}
{'loss': 0.3005, 'grad_norm': 3.2280523777008057, 'learning_rate': 4.765625e-06, 'epoch': 2.52}
{'loss': 0.2925, 'grad_norm': 2.234164237976074, 'learning_rate': 4.164663461538462e-06, 'epoch': 2.58}
{'loss': 0.2974, 'grad_norm': 4.452431678771973, 'learning_rate': 3.563701923076923e-06, 'epoch': 2.64}
{'loss': 0.2941, 'grad_norm': 5.5682830810546875, 'learning_rate': 2.9627403846153847e-06, 'epoch': 2.7}
{'loss': 0.2917, 'grad_norm': 2.80824875831604, 'learning_rate': 2.3617788461538463e-06, 'epoch': 2.76}
{'loss': 0.2904, 'grad_norm': 2.753371000289917, 'learning_rate': 1.7608173076923077e-06, 'epoch': 2.82}
{'loss': 0.2846, 'grad_norm': 2.741722345352173, 'learning_rate': 1.1598557692307693e-06, 'epoch': 2.88}
{'loss': 0.3145, 'grad_norm': 3.973637819290161, 'learning_rate': 5.588942307692307e-07, 'epoch': 2.94}
{'eval_loss': 0.3160662055015564, 'eval_macro_f1': 0.8259955329062921, 'eval_TOKEN_precision': 0.9560901749663526, 'eval_TOKEN_recall': 0.9160219213410703, 'eval_TOKEN_f1': 0.9356272637471189, 'eval_MULTILINE_precision': 0.9268823895457374, 'eval_MULTILINE_recall': 0.9126838235294118, 'eval_MULTILINE_f1': 0.9197283112071627, 'eval_PHRASE_precision': 0.7775280898876404, 'eval_PHRASE_recall': 0.8463796477495108, 'eval_PHRASE_f1': 0.8104942609510424, 'eval_SENTENCE_precision': 0.5466666666666666, 'eval_SENTENCE_recall': 0.7663551401869159, 'eval_SENTENCE_f1': 0.6381322957198443, 'eval_runtime': 8.597, 'eval_samples_per_second': 1376.407, 'eval_steps_per_second': 10.818, 'epoch': 3.0}
{'train_runtime': 769.6091, 'train_samples_per_second': 415.119, 'train_steps_per_second': 6.486, 'train_loss': 0.39466216892768174, 'epoch': 3.0}

Training complete. Evaluating on validation set...

Computing confusion matrix...
[[5683  115  343   63]
 [  65 2979  125   95]
 [ 180   88 1730   46]
 [  16   32   27  246]]

Calibrating probabilities (Temperature Scaling)...
Optimal Temperature: 1.3111

Model and calibration temp saved to experiment/access_code_predictor
Training Completed.
