Starting Strategy Predictor Training...
Building vocabularies...
Feature vocab size: 15
Label vocab size: 18
Loading dataset...
Dataset size: 12217
Starting training...
Epoch 1/15 | Loss: 1.9614 | Acc: 0.2856
Epoch 2/15 | Loss: 1.7948 | Acc: 0.3076
Epoch 3/15 | Loss: 1.7811 | Acc: 0.3112
Epoch 4/15 | Loss: 1.7755 | Acc: 0.3168
Epoch 5/15 | Loss: 1.7681 | Acc: 0.3194
Epoch 6/15 | Loss: 1.7618 | Acc: 0.3199
Epoch 7/15 | Loss: 1.7547 | Acc: 0.3238
Epoch 8/15 | Loss: 1.7534 | Acc: 0.3267
Epoch 9/15 | Loss: 1.7503 | Acc: 0.3268
Epoch 10/15 | Loss: 1.7468 | Acc: 0.3270
Epoch 11/15 | Loss: 1.7442 | Acc: 0.3286
Epoch 12/15 | Loss: 1.7403 | Acc: 0.3331
Epoch 13/15 | Loss: 1.7392 | Acc: 0.3329
Epoch 14/15 | Loss: 1.7372 | Acc: 0.3327
Epoch 15/15 | Loss: 1.7337 | Acc: 0.3330
Saving model to /nlsasfs/home/isea/isea11/slurmJobs/AutoRed/experiment/strategy_predictor.pth
Done!
Training Completed.
