Starting ranker dataset build...

============================================================
RANKER DATASET BUILD SUMMARY
============================================================
  Total records:    12144
  Positives:        3036
  Negatives:        9108
  Ratio:            1:3.0
  Train / Val / Test: 9722 / 1211 / 1211

  By access code type:
    CONVERSATION        : 18
    MULTILINE           : 164
    PHRASE              : 845
    SENTENCE            : 140
    TOKEN               : 8758
    UNKNOWN             : 2219

  By source:
    hard_negative       : 120
    noise               : 189
    positive_v1         : 1028
    regex_mined         : 1949
    verification_trace  : 6850
    verified_v1         : 2008
============================================================
Starting ranker training...
{'loss': 0.6865, 'grad_norm': 1.7072950601577759, 'learning_rate': 3.223684210526316e-06, 'epoch': 0.08}
{'loss': 0.6873, 'grad_norm': 2.994478940963745, 'learning_rate': 6.447368421052632e-06, 'epoch': 0.16}
{'loss': 0.665, 'grad_norm': 2.7349421977996826, 'learning_rate': 9.736842105263159e-06, 'epoch': 0.25}
{'loss': 0.4492, 'grad_norm': 2.3040032386779785, 'learning_rate': 1.2960526315789475e-05, 'epoch': 0.33}
{'loss': 0.3201, 'grad_norm': 13.462773323059082, 'learning_rate': 1.618421052631579e-05, 'epoch': 0.41}
{'loss': 0.2923, 'grad_norm': 0.39811721444129944, 'learning_rate': 1.9473684210526318e-05, 'epoch': 0.49}
{'loss': 0.3024, 'grad_norm': 3.5605640411376953, 'learning_rate': 1.9692982456140354e-05, 'epoch': 0.58}
{'loss': 0.3023, 'grad_norm': 0.3898206055164337, 'learning_rate': 1.933479532163743e-05, 'epoch': 0.66}
{'loss': 0.2659, 'grad_norm': 2.9499728679656982, 'learning_rate': 1.8969298245614035e-05, 'epoch': 0.74}
{'loss': 0.2269, 'grad_norm': 5.84470796585083, 'learning_rate': 1.8603801169590645e-05, 'epoch': 0.82}
{'loss': 0.2211, 'grad_norm': 1.0455598831176758, 'learning_rate': 1.8238304093567253e-05, 'epoch': 0.9}
{'loss': 0.2158, 'grad_norm': 0.3488079309463501, 'learning_rate': 1.787280701754386e-05, 'epoch': 0.99}
{'eval_loss': 0.16246771812438965, 'eval_accuracy': 0.9479768786127167, 'eval_precision': 0.8558823529411764, 'eval_recall': 0.9540983606557377, 'eval_f1': 0.9023255813953488, 'eval_auc_roc': 0.9883888828574532, 'eval_runtime': 4.7046, 'eval_samples_per_second': 257.408, 'eval_steps_per_second': 8.077, 'epoch': 1.0}
{'loss': 0.189, 'grad_norm': 0.3565358519554138, 'learning_rate': 1.750730994152047e-05, 'epoch': 1.07}
{'loss': 0.1577, 'grad_norm': 0.18004831671714783, 'learning_rate': 1.7141812865497078e-05, 'epoch': 1.15}
{'loss': 0.1145, 'grad_norm': 0.2797563672065735, 'learning_rate': 1.6776315789473686e-05, 'epoch': 1.23}
{'loss': 0.0965, 'grad_norm': 0.08707477897405624, 'learning_rate': 1.6410818713450293e-05, 'epoch': 1.32}
{'loss': 0.1404, 'grad_norm': 0.12668044865131378, 'learning_rate': 1.6045321637426904e-05, 'epoch': 1.4}
{'loss': 0.1039, 'grad_norm': 0.1107385903596878, 'learning_rate': 1.567982456140351e-05, 'epoch': 1.48}
{'loss': 0.1294, 'grad_norm': 53.88180923461914, 'learning_rate': 1.5321637426900587e-05, 'epoch': 1.56}
{'loss': 0.0878, 'grad_norm': 0.05659079551696777, 'learning_rate': 1.4956140350877195e-05, 'epoch': 1.64}
{'loss': 0.1074, 'grad_norm': 0.09199001640081406, 'learning_rate': 1.4590643274853802e-05, 'epoch': 1.73}
{'loss': 0.1184, 'grad_norm': 12.818321228027344, 'learning_rate': 1.4225146198830411e-05, 'epoch': 1.81}
{'loss': 0.1074, 'grad_norm': 0.16837403178215027, 'learning_rate': 1.385964912280702e-05, 'epoch': 1.89}
{'loss': 0.0893, 'grad_norm': 0.04010612517595291, 'learning_rate': 1.3501461988304095e-05, 'epoch': 1.97}
{'eval_loss': 0.10792381316423416, 'eval_accuracy': 0.9826589595375722, 'eval_precision': 0.961038961038961, 'eval_recall': 0.9704918032786886, 'eval_f1': 0.965742251223491, 'eval_auc_roc': 0.9948250280461767, 'eval_runtime': 4.4247, 'eval_samples_per_second': 273.691, 'eval_steps_per_second': 8.588, 'epoch': 2.0}
{'loss': 0.0605, 'grad_norm': 0.07435613125562668, 'learning_rate': 1.3135964912280702e-05, 'epoch': 2.06}
{'loss': 0.049, 'grad_norm': 0.03583524748682976, 'learning_rate': 1.2770467836257311e-05, 'epoch': 2.14}
{'loss': 0.0649, 'grad_norm': 0.2581040561199188, 'learning_rate': 1.2404970760233919e-05, 'epoch': 2.22}
{'loss': 0.0525, 'grad_norm': 0.026963673532009125, 'learning_rate': 1.2039473684210528e-05, 'epoch': 2.3}
{'loss': 0.0312, 'grad_norm': 0.03788528963923454, 'learning_rate': 1.1673976608187137e-05, 'epoch': 2.38}
{'loss': 0.0637, 'grad_norm': 0.0772455707192421, 'learning_rate': 1.1308479532163743e-05, 'epoch': 2.47}
{'loss': 0.0755, 'grad_norm': 0.4010677933692932, 'learning_rate': 1.0942982456140352e-05, 'epoch': 2.55}
{'loss': 0.0027, 'grad_norm': 0.056995514780282974, 'learning_rate': 1.057748538011696e-05, 'epoch': 2.63}
{'loss': 0.0375, 'grad_norm': 0.02042805776000023, 'learning_rate': 1.0211988304093568e-05, 'epoch': 2.71}
{'loss': 0.0739, 'grad_norm': 0.11715999990701675, 'learning_rate': 9.846491228070177e-06, 'epoch': 2.8}
{'loss': 0.069, 'grad_norm': 0.08666342496871948, 'learning_rate': 9.480994152046784e-06, 'epoch': 2.88}
{'loss': 0.024, 'grad_norm': 0.20384329557418823, 'learning_rate': 9.115497076023394e-06, 'epoch': 2.96}
{'eval_loss': 0.10453455150127411, 'eval_accuracy': 0.9818331957060281, 'eval_precision': 0.9435736677115988, 'eval_recall': 0.9868852459016394, 'eval_f1': 0.9647435897435898, 'eval_auc_roc': 0.9958781167444722, 'eval_runtime': 4.4265, 'eval_samples_per_second': 273.578, 'eval_steps_per_second': 8.585, 'epoch': 3.0}
{'loss': 0.0324, 'grad_norm': 0.024357791990041733, 'learning_rate': 8.750000000000001e-06, 'epoch': 3.04}
{'loss': 0.0522, 'grad_norm': 0.032514575868844986, 'learning_rate': 8.384502923976608e-06, 'epoch': 3.12}
{'loss': 0.0329, 'grad_norm': 0.022656001150608063, 'learning_rate': 8.019005847953217e-06, 'epoch': 3.21}
{'loss': 0.0294, 'grad_norm': 0.03176426887512207, 'learning_rate': 7.653508771929825e-06, 'epoch': 3.29}
{'loss': 0.0441, 'grad_norm': 0.01765126921236515, 'learning_rate': 7.288011695906433e-06, 'epoch': 3.37}
{'loss': 0.0272, 'grad_norm': 0.03148384392261505, 'learning_rate': 6.922514619883042e-06, 'epoch': 3.45}
{'loss': 0.0422, 'grad_norm': 0.8507528305053711, 'learning_rate': 6.557017543859649e-06, 'epoch': 3.54}
{'loss': 0.0192, 'grad_norm': 0.0744737908244133, 'learning_rate': 6.191520467836258e-06, 'epoch': 3.62}
{'loss': 0.0716, 'grad_norm': 0.03964429721236229, 'learning_rate': 5.826023391812866e-06, 'epoch': 3.7}
{'loss': 0.0071, 'grad_norm': 0.0689484179019928, 'learning_rate': 5.460526315789474e-06, 'epoch': 3.78}
{'loss': 0.0218, 'grad_norm': 0.015055539086461067, 'learning_rate': 5.095029239766083e-06, 'epoch': 3.87}
{'loss': 0.0049, 'grad_norm': 0.010643084533512592, 'learning_rate': 4.7295321637426904e-06, 'epoch': 3.95}
{'eval_loss': 0.08569949120283127, 'eval_accuracy': 0.9884393063583815, 'eval_precision': 0.9770491803278688, 'eval_recall': 0.9770491803278688, 'eval_f1': 0.9770491803278688, 'eval_auc_roc': 0.9944378098650166, 'eval_runtime': 4.4977, 'eval_samples_per_second': 269.248, 'eval_steps_per_second': 8.449, 'epoch': 4.0}
{'loss': 0.0138, 'grad_norm': 0.010057124309241772, 'learning_rate': 4.364035087719299e-06, 'epoch': 4.03}
{'loss': 0.0014, 'grad_norm': 0.014619591645896435, 'learning_rate': 3.998538011695907e-06, 'epoch': 4.11}
{'loss': 0.0203, 'grad_norm': 0.009104473516345024, 'learning_rate': 3.633040935672515e-06, 'epoch': 4.19}
{'loss': 0.0394, 'grad_norm': 0.014433925971388817, 'learning_rate': 3.2675438596491233e-06, 'epoch': 4.28}
{'loss': 0.0069, 'grad_norm': 0.016027744859457016, 'learning_rate': 2.902046783625731e-06, 'epoch': 4.36}
{'loss': 0.0185, 'grad_norm': 0.011187979951500893, 'learning_rate': 2.5365497076023393e-06, 'epoch': 4.44}
{'loss': 0.0247, 'grad_norm': 16.31500816345215, 'learning_rate': 2.1710526315789475e-06, 'epoch': 4.52}
{'loss': 0.005, 'grad_norm': 0.014296903274953365, 'learning_rate': 1.8055555555555557e-06, 'epoch': 4.61}
{'loss': 0.0004, 'grad_norm': 0.019631365314126015, 'learning_rate': 1.440058479532164e-06, 'epoch': 4.69}
{'loss': 0.0135, 'grad_norm': 0.013069692067801952, 'learning_rate': 1.074561403508772e-06, 'epoch': 4.77}
{'loss': 0.0582, 'grad_norm': 0.009991991333663464, 'learning_rate': 7.090643274853802e-07, 'epoch': 4.85}
{'loss': 0.0246, 'grad_norm': 0.014558408409357071, 'learning_rate': 3.435672514619883e-07, 'epoch': 4.93}
{'eval_loss': 0.07531441003084183, 'eval_accuracy': 0.9900908340214699, 'eval_precision': 0.980327868852459, 'eval_recall': 0.980327868852459, 'eval_f1': 0.980327868852459, 'eval_auc_roc': 0.9947327470777694, 'eval_runtime': 4.406, 'eval_samples_per_second': 274.855, 'eval_steps_per_second': 8.625, 'epoch': 5.0}
{'train_runtime': 593.7592, 'train_samples_per_second': 81.868, 'train_steps_per_second': 5.12, 'train_loss': 0.1199921366378763, 'epoch': 5.0}

============================================================
RANKER TRAINING COMPLETE
============================================================

  Model: microsoft/deberta-v3-base
  Params: 184,423,682

  Test Results:
    eval_loss                     : 0.0887
    eval_accuracy                 : 0.9860
    eval_precision                : 0.9691
    eval_recall                   : 0.9724
    eval_f1                       : 0.9707
    eval_auc_roc                  : 0.9971
    eval_runtime                  : 4.4499
    eval_samples_per_second       : 272.1390
    eval_steps_per_second         : 8.5390
    epoch                         : 5.0000

  Confusion Matrix:
    TN=  912  FP=    9
    FN=    8  TP=  282

  Classification Report:
              precision    recall  f1-score   support

    Negative       0.99      0.99      0.99       921
    Positive       0.97      0.97      0.97       290

    accuracy                           0.99      1211
   macro avg       0.98      0.98      0.98      1211
weighted avg       0.99      0.99      0.99      1211


  Per-Type Metrics:
    CONVERSATION        : F1=0.000 P=0.000 R=0.000 (n=1)
    MULTILINE           : F1=0.923 P=1.000 R=0.857 (n=16)
    PHRASE              : F1=0.974 P=0.950 R=1.000 (n=84)
    SENTENCE            : F1=0.800 P=1.000 R=0.667 (n=14)
    TOKEN               : F1=0.978 P=0.976 R=0.980 (n=875)
    UNKNOWN             : F1=0.870 P=0.833 R=0.909 (n=221)

  Model saved to: models/ranker_deberta_v1/
  Results saved to: models/ranker_deberta_v1/test_results.json
============================================================
Ranker training completed. Results saved to models/ranker_deberta_v1/
