=============================================
AutoRed Super Oracle v3 — 8-GPU Benchmark
=============================================
Strategies/Step : 10
Total Scenarios : 1000
Max Attempts    : 10
GPUs            : 8
Filter          : ON (max_code_len=25)
Early Terminate : ON (plateau detector)
Power Combos    : ON (30% of candidates)
=============================================

[LAUNCH] Worker 0 on GPU 0
         Log: logs/super_oracle_v3_worker_0.log
Waiting 10s before launching next worker...

[LAUNCH] Worker 1 on GPU 1
         Log: logs/super_oracle_v3_worker_1.log
Waiting 10s before launching next worker...

[LAUNCH] Worker 2 on GPU 2
         Log: logs/super_oracle_v3_worker_2.log
Waiting 10s before launching next worker...

[LAUNCH] Worker 3 on GPU 3
         Log: logs/super_oracle_v3_worker_3.log
Waiting 10s before launching next worker...

[LAUNCH] Worker 4 on GPU 4
         Log: logs/super_oracle_v3_worker_4.log
Waiting 10s before launching next worker...

[LAUNCH] Worker 5 on GPU 5
         Log: logs/super_oracle_v3_worker_5.log
Waiting 10s before launching next worker...

[LAUNCH] Worker 6 on GPU 6
         Log: logs/super_oracle_v3_worker_6.log
Waiting 10s before launching next worker...

[LAUNCH] Worker 7 on GPU 7
         Log: logs/super_oracle_v3_worker_7.log

[INFO] All 8 workers launched in background.
Waiting for all workers to finish...
✅ ALL WORKERS COMPLETED SUCCESSFULLY.
Merged trajectories saved to data/oracle_trajectories_v3.jsonl
Total: 1000 | Successes: 470
All work finished. Keeping ...
