=============================================
AutoRed Super Oracle (Best-of-10) 4-GPU Benchmark
=============================================
Total Scenarios : 1000
N Samples/Step  : 10
GPUs            : 4
=============================================

[LAUNCH] Worker 0 on GPU 0 (Best-of-10)
         Log: logs/super_oracle_worker_0.log
Waiting 10s before launching next worker...

[LAUNCH] Worker 1 on GPU 1 (Best-of-10)
         Log: logs/super_oracle_worker_1.log
Waiting 10s before launching next worker...

[LAUNCH] Worker 2 on GPU 2 (Best-of-10)
         Log: logs/super_oracle_worker_2.log
Waiting 10s before launching next worker...

[LAUNCH] Worker 3 on GPU 3 (Best-of-10)
         Log: logs/super_oracle_worker_3.log

[INFO] All 4 workers launched in background.
Waiting for all workers to finish...
✅ ALL WORKERS COMPLETED SUCCESSFULLY.
Merged trajectories saved to data/oracle_trajectories_v2_annotated.jsonl
